   Compiling logex-storage v0.1.0 (/Users/tdenisenko/code/logex/crates/logex-storage)
warning: method `bundle_reference` is never used
  --> crates/logex-storage/src/segment_reader.rs:31:19
   |
30 | impl SegmentReader {
   | ------------------ method in this implementation
31 |     pub(crate) fn bundle_reference(&self) -> Option<&crate::bundle::BundleReference> {
   |                   ^^^^^^^^^^^^^^^^
   |
   = note: `#[warn(dead_code)]` (part of `#[warn(unused)]`) on by default

warning: `logex-storage` (lib test) generated 1 warning
    Finished `test` profile [unoptimized + debuginfo] target(s) in 2.54s
warning: the following packages contain code that will be rejected by a future version of Rust: proc-macro-error2 v2.0.1
note: to see what the problems were, use the option `--future-incompat-report`, or run `cargo report future-incompatibilities --id 2`
     Running unittests src/lib.rs (target/debug/build/logex-storage/5d3241994722df1f/out/logex_storage-5d3241994722df1f)

running 1 test
test native::storage::tests::stale_bundle_manifest_cannot_recanonicalize_previously_removed_rows ... FAILED

failures:

---- native::storage::tests::stale_bundle_manifest_cannot_recanonicalize_previously_removed_rows stdout ----

thread 'native::storage::tests::stale_bundle_manifest_cannot_recanonicalize_previously_removed_rows' (21807197) panicked at crates/logex-storage/src/native/storage.rs:3753:9:
assertion failed: storage.mark_non_canonical(second.hash_slow()).is_err()
note: run with `RUST_BACKTRACE=1` environment variable to display a backtrace


failures:
    native::storage::tests::stale_bundle_manifest_cannot_recanonicalize_previously_removed_rows

test result: FAILED. 0 passed; 1 failed; 0 ignored; 0 measured; 170 filtered out; finished in 0.09s

error: test failed, to rerun pass `-p logex-storage --lib`
