   Compiling logex-server v0.1.0 (/Users/tdenisenko/code/logex/crates/logex-server)
warning: linker stderr: ld: __eh_frame section too large (max 16MB) to encode dwarf unwind offsets in compact unwind table, performance of exception handling might be affected
  |
  = note: `#[warn(linker_messages)]` on by default

warning: `logex-server` (lib test) generated 1 warning
    Finished `test` profile [unoptimized + debuginfo] target(s) in 5.91s
warning: the following packages contain code that will be rejected by a future version of Rust: proc-macro-error2 v2.0.1
note: to see what the problems were, use the option `--future-incompat-report`, or run `cargo report future-incompatibilities --id 2`
     Running unittests src/lib.rs (target/debug/build/logex-server/a25691344de63286/out/logex_server-a25691344de63286)

running 3 tests
test handler::tests::query_cancellation_tokens_are_permanent_and_isolated ... ok
test handler::tests::acknowledged_query_cancellation_survives_concurrent_start ... ok
test handler::tests::finishing_previous_query_cannot_clear_new_query_cancellation ... FAILED

failures:

---- handler::tests::finishing_previous_query_cannot_clear_new_query_cancellation stdout ----

thread 'handler::tests::finishing_previous_query_cannot_clear_new_query_cancellation' (56605079) panicked at crates/logex-server/src/handler.rs:280:9:
assertion `left == right` failed: previous completion must not erase cancellation
  left: 36
 right: 0
note: run with `RUST_BACKTRACE=1` environment variable to display a backtrace


failures:
    handler::tests::finishing_previous_query_cannot_clear_new_query_cancellation

test result: FAILED. 2 passed; 1 failed; 0 ignored; 0 measured; 86 filtered out; finished in 0.24s

error: test failed, to rerun pass `-p logex-server --lib`
