
running 1 test
test benchmark_datafusion_result_values ... {"fixture_digest":"0x45471657110c6ed19f0f0246fa34b4643b1b3cfcc5469c405af60b6bf8855d93","kind":"config","profile":"sparse","repeats":100,"rows":200000}
{"elapsed_ms":111.902875,"iteration":0,"kind":"sample","metric":"datafusion_narrow"}
{"elapsed_ms":313.512791,"iteration":0,"kind":"sample","metric":"datafusion_wide"}
{"elapsed_ms":92.885417,"iteration":0,"kind":"sample","metric":"datafusion_aggregate"}
{"elapsed_ms":308.739917,"iteration":1,"kind":"sample","metric":"datafusion_wide"}
{"elapsed_ms":92.357042,"iteration":1,"kind":"sample","metric":"datafusion_aggregate"}
{"elapsed_ms":109.862083,"iteration":1,"kind":"sample","metric":"datafusion_narrow"}
{"elapsed_ms":92.116792,"iteration":2,"kind":"sample","metric":"datafusion_aggregate"}
{"elapsed_ms":109.6225,"iteration":2,"kind":"sample","metric":"datafusion_narrow"}
{"elapsed_ms":312.611375,"iteration":2,"kind":"sample","metric":"datafusion_wide"}
{"elapsed_ms":109.97375,"iteration":3,"kind":"sample","metric":"datafusion_narrow"}
{"elapsed_ms":308.4975,"iteration":3,"kind":"sample","metric":"datafusion_wide"}
{"elapsed_ms":92.003833,"iteration":3,"kind":"sample","metric":"datafusion_aggregate"}
{"elapsed_ms":311.00516700000003,"iteration":4,"kind":"sample","metric":"datafusion_wide"}
{"elapsed_ms":94.13466600000001,"iteration":4,"kind":"sample","metric":"datafusion_aggregate"}
{"elapsed_ms":109.719958,"iteration":4,"kind":"sample","metric":"datafusion_narrow"}
{"elapsed_ms":92.1365,"iteration":5,"kind":"sample","metric":"datafusion_aggregate"}
{"elapsed_ms":109.531209,"iteration":5,"kind":"sample","metric":"datafusion_narrow"}
{"elapsed_ms":308.208667,"iteration":5,"kind":"sample","metric":"datafusion_wide"}
{"elapsed_ms":109.639875,"iteration":6,"kind":"sample","metric":"datafusion_narrow"}
{"elapsed_ms":308.968,"iteration":6,"kind":"sample","metric":"datafusion_wide"}
{"elapsed_ms":92.142167,"iteration":6,"kind":"sample","metric":"datafusion_aggregate"}
{"elapsed_ms":308.035375,"iteration":7,"kind":"sample","metric":"datafusion_wide"}
{"elapsed_ms":92.040042,"iteration":7,"kind":"sample","metric":"datafusion_aggregate"}
{"elapsed_ms":109.826959,"iteration":7,"kind":"sample","metric":"datafusion_narrow"}
{"elapsed_ms":92.566,"iteration":8,"kind":"sample","metric":"datafusion_aggregate"}
{"elapsed_ms":109.795542,"iteration":8,"kind":"sample","metric":"datafusion_narrow"}
{"elapsed_ms":310.186417,"iteration":8,"kind":"sample","metric":"datafusion_wide"}
{"elapsed_ms":109.73975,"iteration":9,"kind":"sample","metric":"datafusion_narrow"}
{"elapsed_ms":308.481792,"iteration":9,"kind":"sample","metric":"datafusion_wide"}
{"elapsed_ms":91.906625,"iteration":9,"kind":"sample","metric":"datafusion_aggregate"}
{"elapsed_ms":308.8825,"iteration":10,"kind":"sample","metric":"datafusion_wide"}
{"elapsed_ms":92.07475,"iteration":10,"kind":"sample","metric":"datafusion_aggregate"}
{"elapsed_ms":109.579,"iteration":10,"kind":"sample","metric":"datafusion_narrow"}
{"elapsed_ms":92.079125,"iteration":11,"kind":"sample","metric":"datafusion_aggregate"}
{"elapsed_ms":110.233791,"iteration":11,"kind":"sample","metric":"datafusion_narrow"}
{"elapsed_ms":308.99850000000004,"iteration":11,"kind":"sample","metric":"datafusion_wide"}
{"elapsed_ms":109.47262500000001,"iteration":12,"kind":"sample","metric":"datafusion_narrow"}
{"elapsed_ms":310.089458,"iteration":12,"kind":"sample","metric":"datafusion_wide"}
{"elapsed_ms":93.550417,"iteration":12,"kind":"sample","metric":"datafusion_aggregate"}
{"elapsed_ms":308.876084,"iteration":13,"kind":"sample","metric":"datafusion_wide"}
{"elapsed_ms":91.94275,"iteration":13,"kind":"sample","metric":"datafusion_aggregate"}
{"elapsed_ms":109.967041,"iteration":13,"kind":"sample","metric":"datafusion_narrow"}
{"elapsed_ms":92.391958,"iteration":14,"kind":"sample","metric":"datafusion_aggregate"}
{"elapsed_ms":109.708625,"iteration":14,"kind":"sample","metric":"datafusion_narrow"}
{"elapsed_ms":308.234083,"iteration":14,"kind":"sample","metric":"datafusion_wide"}
{"elapsed_ms":109.668958,"iteration":15,"kind":"sample","metric":"datafusion_narrow"}
{"elapsed_ms":309.26237499999996,"iteration":15,"kind":"sample","metric":"datafusion_wide"}
{"elapsed_ms":92.228166,"iteration":15,"kind":"sample","metric":"datafusion_aggregate"}
{"elapsed_ms":310.807208,"iteration":16,"kind":"sample","metric":"datafusion_wide"}
{"elapsed_ms":92.692625,"iteration":16,"kind":"sample","metric":"datafusion_aggregate"}
{"elapsed_ms":109.69025,"iteration":16,"kind":"sample","metric":"datafusion_narrow"}
{"elapsed_ms":93.533459,"iteration":17,"kind":"sample","metric":"datafusion_aggregate"}
{"elapsed_ms":110.11687500000001,"iteration":17,"kind":"sample","metric":"datafusion_narrow"}
{"elapsed_ms":309.771125,"iteration":17,"kind":"sample","metric":"datafusion_wide"}
{"elapsed_ms":109.70812500000001,"iteration":18,"kind":"sample","metric":"datafusion_narrow"}
{"elapsed_ms":316.940834,"iteration":18,"kind":"sample","metric":"datafusion_wide"}
{"elapsed_ms":92.40962499999999,"iteration":18,"kind":"sample","metric":"datafusion_aggregate"}
{"elapsed_ms":310.39099999999996,"iteration":19,"kind":"sample","metric":"datafusion_wide"}
{"elapsed_ms":92.212375,"iteration":19,"kind":"sample","metric":"datafusion_aggregate"}
{"elapsed_ms":110.17250000000001,"iteration":19,"kind":"sample","metric":"datafusion_narrow"}
{"elapsed_ms":96.256208,"iteration":20,"kind":"sample","metric":"datafusion_aggregate"}
{"elapsed_ms":120.266166,"iteration":20,"kind":"sample","metric":"datafusion_narrow"}
{"elapsed_ms":341.478333,"iteration":20,"kind":"sample","metric":"datafusion_wide"}
{"elapsed_ms":111.884208,"iteration":21,"kind":"sample","metric":"datafusion_narrow"}
{"elapsed_ms":312.68883400000004,"iteration":21,"kind":"sample","metric":"datafusion_wide"}
{"elapsed_ms":94.088458,"iteration":21,"kind":"sample","metric":"datafusion_aggregate"}
{"elapsed_ms":309.818625,"iteration":22,"kind":"sample","metric":"datafusion_wide"}
{"elapsed_ms":92.097042,"iteration":22,"kind":"sample","metric":"datafusion_aggregate"}
{"elapsed_ms":110.163,"iteration":22,"kind":"sample","metric":"datafusion_narrow"}
{"elapsed_ms":92.22612500000001,"iteration":23,"kind":"sample","metric":"datafusion_aggregate"}
{"elapsed_ms":109.808875,"iteration":23,"kind":"sample","metric":"datafusion_narrow"}
{"elapsed_ms":309.26045899999997,"iteration":23,"kind":"sample","metric":"datafusion_wide"}
{"elapsed_ms":110.77674999999999,"iteration":24,"kind":"sample","metric":"datafusion_narrow"}
{"elapsed_ms":317.11570900000004,"iteration":24,"kind":"sample","metric":"datafusion_wide"}
{"elapsed_ms":92.03720899999999,"iteration":24,"kind":"sample","metric":"datafusion_aggregate"}
{"elapsed_ms":311.417208,"iteration":25,"kind":"sample","metric":"datafusion_wide"}
{"elapsed_ms":92.44395800000001,"iteration":25,"kind":"sample","metric":"datafusion_aggregate"}
{"elapsed_ms":109.99737499999999,"iteration":25,"kind":"sample","metric":"datafusion_narrow"}
{"elapsed_ms":92.20720899999999,"iteration":26,"kind":"sample","metric":"datafusion_aggregate"}
{"elapsed_ms":109.537666,"iteration":26,"kind":"sample","metric":"datafusion_narrow"}
{"elapsed_ms":318.465,"iteration":26,"kind":"sample","metric":"datafusion_wide"}
{"elapsed_ms":111.92866599999999,"iteration":27,"kind":"sample","metric":"datafusion_narrow"}
{"elapsed_ms":308.891792,"iteration":27,"kind":"sample","metric":"datafusion_wide"}
{"elapsed_ms":91.604666,"iteration":27,"kind":"sample","metric":"datafusion_aggregate"}
{"elapsed_ms":310.21295799999996,"iteration":28,"kind":"sample","metric":"datafusion_wide"}
{"elapsed_ms":92.172833,"iteration":28,"kind":"sample","metric":"datafusion_aggregate"}
{"elapsed_ms":109.88291699999999,"iteration":28,"kind":"sample","metric":"datafusion_narrow"}
{"elapsed_ms":92.080667,"iteration":29,"kind":"sample","metric":"datafusion_aggregate"}
{"elapsed_ms":109.408375,"iteration":29,"kind":"sample","metric":"datafusion_narrow"}
{"elapsed_ms":317.19475,"iteration":29,"kind":"sample","metric":"datafusion_wide"}
{"elapsed_ms":109.39,"iteration":30,"kind":"sample","metric":"datafusion_narrow"}
{"elapsed_ms":308.83824999999996,"iteration":30,"kind":"sample","metric":"datafusion_wide"}
{"elapsed_ms":91.839459,"iteration":30,"kind":"sample","metric":"datafusion_aggregate"}
{"elapsed_ms":309.732542,"iteration":31,"kind":"sample","metric":"datafusion_wide"}
{"elapsed_ms":92.213833,"iteration":31,"kind":"sample","metric":"datafusion_aggregate"}
{"elapsed_ms":109.702375,"iteration":31,"kind":"sample","metric":"datafusion_narrow"}
{"elapsed_ms":92.191833,"iteration":32,"kind":"sample","metric":"datafusion_aggregate"}
{"elapsed_ms":109.71725,"iteration":32,"kind":"sample","metric":"datafusion_narrow"}
{"elapsed_ms":324.802792,"iteration":32,"kind":"sample","metric":"datafusion_wide"}
{"elapsed_ms":109.97283300000001,"iteration":33,"kind":"sample","metric":"datafusion_narrow"}
{"elapsed_ms":316.119875,"iteration":33,"kind":"sample","metric":"datafusion_wide"}
{"elapsed_ms":92.360541,"iteration":33,"kind":"sample","metric":"datafusion_aggregate"}
{"elapsed_ms":309.598834,"iteration":34,"kind":"sample","metric":"datafusion_wide"}
{"elapsed_ms":91.963458,"iteration":34,"kind":"sample","metric":"datafusion_aggregate"}
{"elapsed_ms":109.559625,"iteration":34,"kind":"sample","metric":"datafusion_narrow"}
{"elapsed_ms":92.456,"iteration":35,"kind":"sample","metric":"datafusion_aggregate"}
{"elapsed_ms":109.409,"iteration":35,"kind":"sample","metric":"datafusion_narrow"}
{"elapsed_ms":309.399042,"iteration":35,"kind":"sample","metric":"datafusion_wide"}
{"elapsed_ms":109.669,"iteration":36,"kind":"sample","metric":"datafusion_narrow"}
{"elapsed_ms":309.406125,"iteration":36,"kind":"sample","metric":"datafusion_wide"}
{"elapsed_ms":92.760834,"iteration":36,"kind":"sample","metric":"datafusion_aggregate"}
{"elapsed_ms":318.944917,"iteration":37,"kind":"sample","metric":"datafusion_wide"}
{"elapsed_ms":103.929042,"iteration":37,"kind":"sample","metric":"datafusion_aggregate"}
{"elapsed_ms":110.110416,"iteration":37,"kind":"sample","metric":"datafusion_narrow"}
{"elapsed_ms":92.570875,"iteration":38,"kind":"sample","metric":"datafusion_aggregate"}
{"elapsed_ms":110.10475,"iteration":38,"kind":"sample","metric":"datafusion_narrow"}
{"elapsed_ms":310.146667,"iteration":38,"kind":"sample","metric":"datafusion_wide"}
{"elapsed_ms":109.454,"iteration":39,"kind":"sample","metric":"datafusion_narrow"}
{"elapsed_ms":309.55566600000003,"iteration":39,"kind":"sample","metric":"datafusion_wide"}
{"elapsed_ms":91.90295900000001,"iteration":39,"kind":"sample","metric":"datafusion_aggregate"}
{"elapsed_ms":307.978625,"iteration":40,"kind":"sample","metric":"datafusion_wide"}
{"elapsed_ms":91.76275000000001,"iteration":40,"kind":"sample","metric":"datafusion_aggregate"}
{"elapsed_ms":109.2625,"iteration":40,"kind":"sample","metric":"datafusion_narrow"}
{"elapsed_ms":92.528292,"iteration":41,"kind":"sample","metric":"datafusion_aggregate"}
{"elapsed_ms":110.025709,"iteration":41,"kind":"sample","metric":"datafusion_narrow"}
{"elapsed_ms":312.097334,"iteration":41,"kind":"sample","metric":"datafusion_wide"}
{"elapsed_ms":109.95604200000001,"iteration":42,"kind":"sample","metric":"datafusion_narrow"}
{"elapsed_ms":309.46841600000005,"iteration":42,"kind":"sample","metric":"datafusion_wide"}
{"elapsed_ms":92.411084,"iteration":42,"kind":"sample","metric":"datafusion_aggregate"}
{"elapsed_ms":308.940292,"iteration":43,"kind":"sample","metric":"datafusion_wide"}
{"elapsed_ms":92.25675,"iteration":43,"kind":"sample","metric":"datafusion_aggregate"}
{"elapsed_ms":109.57312499999999,"iteration":43,"kind":"sample","metric":"datafusion_narrow"}
{"elapsed_ms":91.8665,"iteration":44,"kind":"sample","metric":"datafusion_aggregate"}
{"elapsed_ms":109.51887500000001,"iteration":44,"kind":"sample","metric":"datafusion_narrow"}
{"elapsed_ms":308.347125,"iteration":44,"kind":"sample","metric":"datafusion_wide"}
{"elapsed_ms":109.409,"iteration":45,"kind":"sample","metric":"datafusion_narrow"}
{"elapsed_ms":308.106042,"iteration":45,"kind":"sample","metric":"datafusion_wide"}
{"elapsed_ms":91.951375,"iteration":45,"kind":"sample","metric":"datafusion_aggregate"}
{"elapsed_ms":311.864084,"iteration":46,"kind":"sample","metric":"datafusion_wide"}
{"elapsed_ms":91.97616599999999,"iteration":46,"kind":"sample","metric":"datafusion_aggregate"}
{"elapsed_ms":109.69295799999999,"iteration":46,"kind":"sample","metric":"datafusion_narrow"}
{"elapsed_ms":92.284709,"iteration":47,"kind":"sample","metric":"datafusion_aggregate"}
{"elapsed_ms":109.518041,"iteration":47,"kind":"sample","metric":"datafusion_narrow"}
{"elapsed_ms":308.113834,"iteration":47,"kind":"sample","metric":"datafusion_wide"}
{"elapsed_ms":110.97125,"iteration":48,"kind":"sample","metric":"datafusion_narrow"}
{"elapsed_ms":310.04062500000003,"iteration":48,"kind":"sample","metric":"datafusion_wide"}
{"elapsed_ms":92.23866699999999,"iteration":48,"kind":"sample","metric":"datafusion_aggregate"}
{"elapsed_ms":308.935625,"iteration":49,"kind":"sample","metric":"datafusion_wide"}
{"elapsed_ms":92.693292,"iteration":49,"kind":"sample","metric":"datafusion_aggregate"}
{"elapsed_ms":110.041041,"iteration":49,"kind":"sample","metric":"datafusion_narrow"}
{"elapsed_ms":93.09833400000001,"iteration":50,"kind":"sample","metric":"datafusion_aggregate"}
{"elapsed_ms":109.8045,"iteration":50,"kind":"sample","metric":"datafusion_narrow"}
{"elapsed_ms":308.47441599999996,"iteration":50,"kind":"sample","metric":"datafusion_wide"}
{"elapsed_ms":109.561041,"iteration":51,"kind":"sample","metric":"datafusion_narrow"}
{"elapsed_ms":307.829541,"iteration":51,"kind":"sample","metric":"datafusion_wide"}
{"elapsed_ms":91.514041,"iteration":51,"kind":"sample","metric":"datafusion_aggregate"}
{"elapsed_ms":309.929291,"iteration":52,"kind":"sample","metric":"datafusion_wide"}
{"elapsed_ms":92.273625,"iteration":52,"kind":"sample","metric":"datafusion_aggregate"}
{"elapsed_ms":110.096791,"iteration":52,"kind":"sample","metric":"datafusion_narrow"}
{"elapsed_ms":92.133958,"iteration":53,"kind":"sample","metric":"datafusion_aggregate"}
{"elapsed_ms":109.75854100000001,"iteration":53,"kind":"sample","metric":"datafusion_narrow"}
{"elapsed_ms":309.320417,"iteration":53,"kind":"sample","metric":"datafusion_wide"}
{"elapsed_ms":109.82745800000001,"iteration":54,"kind":"sample","metric":"datafusion_narrow"}
{"elapsed_ms":311.13570899999996,"iteration":54,"kind":"sample","metric":"datafusion_wide"}
{"elapsed_ms":92.127791,"iteration":54,"kind":"sample","metric":"datafusion_aggregate"}
{"elapsed_ms":308.915,"iteration":55,"kind":"sample","metric":"datafusion_wide"}
{"elapsed_ms":92.734417,"iteration":55,"kind":"sample","metric":"datafusion_aggregate"}
{"elapsed_ms":109.83675,"iteration":55,"kind":"sample","metric":"datafusion_narrow"}
{"elapsed_ms":92.143,"iteration":56,"kind":"sample","metric":"datafusion_aggregate"}
{"elapsed_ms":109.648667,"iteration":56,"kind":"sample","metric":"datafusion_narrow"}
{"elapsed_ms":309.60025,"iteration":56,"kind":"sample","metric":"datafusion_wide"}
{"elapsed_ms":109.645375,"iteration":57,"kind":"sample","metric":"datafusion_narrow"}
{"elapsed_ms":308.809375,"iteration":57,"kind":"sample","metric":"datafusion_wide"}
{"elapsed_ms":91.888792,"iteration":57,"kind":"sample","metric":"datafusion_aggregate"}
{"elapsed_ms":312.786417,"iteration":58,"kind":"sample","metric":"datafusion_wide"}
{"elapsed_ms":92.28154199999999,"iteration":58,"kind":"sample","metric":"datafusion_aggregate"}
{"elapsed_ms":109.868209,"iteration":58,"kind":"sample","metric":"datafusion_narrow"}
{"elapsed_ms":92.33604199999999,"iteration":59,"kind":"sample","metric":"datafusion_aggregate"}
{"elapsed_ms":109.974667,"iteration":59,"kind":"sample","metric":"datafusion_narrow"}
{"elapsed_ms":309.729625,"iteration":59,"kind":"sample","metric":"datafusion_wide"}
{"elapsed_ms":109.818958,"iteration":60,"kind":"sample","metric":"datafusion_narrow"}
{"elapsed_ms":309.118833,"iteration":60,"kind":"sample","metric":"datafusion_wide"}
{"elapsed_ms":92.03875000000001,"iteration":60,"kind":"sample","metric":"datafusion_aggregate"}
{"elapsed_ms":308.984083,"iteration":61,"kind":"sample","metric":"datafusion_wide"}
{"elapsed_ms":91.970208,"iteration":61,"kind":"sample","metric":"datafusion_aggregate"}
{"elapsed_ms":109.704625,"iteration":61,"kind":"sample","metric":"datafusion_narrow"}
{"elapsed_ms":91.837166,"iteration":62,"kind":"sample","metric":"datafusion_aggregate"}
{"elapsed_ms":109.66187500000001,"iteration":62,"kind":"sample","metric":"datafusion_narrow"}
{"elapsed_ms":311.97275,"iteration":62,"kind":"sample","metric":"datafusion_wide"}
{"elapsed_ms":109.851791,"iteration":63,"kind":"sample","metric":"datafusion_narrow"}
{"elapsed_ms":313.219917,"iteration":63,"kind":"sample","metric":"datafusion_wide"}
{"elapsed_ms":93.37075,"iteration":63,"kind":"sample","metric":"datafusion_aggregate"}
{"elapsed_ms":309.240209,"iteration":64,"kind":"sample","metric":"datafusion_wide"}
{"elapsed_ms":92.300167,"iteration":64,"kind":"sample","metric":"datafusion_aggregate"}
{"elapsed_ms":109.52704200000001,"iteration":64,"kind":"sample","metric":"datafusion_narrow"}
{"elapsed_ms":92.021417,"iteration":65,"kind":"sample","metric":"datafusion_aggregate"}
{"elapsed_ms":109.973917,"iteration":65,"kind":"sample","metric":"datafusion_narrow"}
{"elapsed_ms":308.990542,"iteration":65,"kind":"sample","metric":"datafusion_wide"}
{"elapsed_ms":109.42370899999999,"iteration":66,"kind":"sample","metric":"datafusion_narrow"}
{"elapsed_ms":310.86845800000003,"iteration":66,"kind":"sample","metric":"datafusion_wide"}
{"elapsed_ms":93.400125,"iteration":66,"kind":"sample","metric":"datafusion_aggregate"}
{"elapsed_ms":309.204167,"iteration":67,"kind":"sample","metric":"datafusion_wide"}
{"elapsed_ms":92.147334,"iteration":67,"kind":"sample","metric":"datafusion_aggregate"}
{"elapsed_ms":109.642166,"iteration":67,"kind":"sample","metric":"datafusion_narrow"}
{"elapsed_ms":91.982209,"iteration":68,"kind":"sample","metric":"datafusion_aggregate"}
{"elapsed_ms":109.355292,"iteration":68,"kind":"sample","metric":"datafusion_narrow"}
{"elapsed_ms":314.82554200000004,"iteration":68,"kind":"sample","metric":"datafusion_wide"}
{"elapsed_ms":109.629417,"iteration":69,"kind":"sample","metric":"datafusion_narrow"}
{"elapsed_ms":308.859292,"iteration":69,"kind":"sample","metric":"datafusion_wide"}
{"elapsed_ms":92.008583,"iteration":69,"kind":"sample","metric":"datafusion_aggregate"}
{"elapsed_ms":309.137625,"iteration":70,"kind":"sample","metric":"datafusion_wide"}
{"elapsed_ms":92.049958,"iteration":70,"kind":"sample","metric":"datafusion_aggregate"}
{"elapsed_ms":111.138917,"iteration":70,"kind":"sample","metric":"datafusion_narrow"}
{"elapsed_ms":92.26537499999999,"iteration":71,"kind":"sample","metric":"datafusion_aggregate"}
time: command terminated abnormally
       38.97 real        35.91 user         2.65 sys
           365805568  maximum resident set size
                   0  average shared memory size
                   0  average unshared data size
                   0  average unshared stack size
               22583  page reclaims
                1532  page faults
                   0  swaps
                   0  block input operations
                   0  block output operations
                   0  messages sent
                   0  messages received
                   0  signals received
                 885  voluntary context switches
                6886  involuntary context switches
        638553653644  instructions retired
        130602604409  cycles elapsed
           321471232  peak memory footprint
