   Compiling logex-types v0.1.0 (/Users/tdenisenko/code/logex/crates/logex-types)
   Compiling logex-storage v0.1.0 (/Users/tdenisenko/code/logex/crates/logex-storage)
    Finished `test` profile [unoptimized + debuginfo] target(s) in 3.28s
warning: the following packages contain code that will be rejected by a future version of Rust: proc-macro-error2 v2.0.1
note: to see what the problems were, use the option `--future-incompat-report`, or run `cargo report future-incompatibilities --id 2`
     Running unittests src/lib.rs (target/debug/build/logex-storage/5d3241994722df1f/out/logex_storage-5d3241994722df1f)

running 2 tests
test segment_reader::tests::selected_variable_page_read_rejects_wrong_row_count ... FAILED
test segment_reader::tests::full_variable_page_read_rejects_wrong_row_count ... FAILED

failures:

---- segment_reader::tests::selected_variable_page_read_rejects_wrong_row_count stdout ----

thread 'segment_reader::tests::selected_variable_page_read_rejects_wrong_row_count' (53505837) panicked at crates/logex-storage/src/segment_reader.rs:802:57:
index out of bounds: the len is 19 but the index is 19
note: run with `RUST_BACKTRACE=1` environment variable to display a backtrace

---- segment_reader::tests::full_variable_page_read_rejects_wrong_row_count stdout ----

thread 'segment_reader::tests::full_variable_page_read_rejects_wrong_row_count' (53505836) panicked at crates/logex-storage/src/segment_reader.rs:1103:35:
called `Result::unwrap_err()` on an `Ok` value: [0xdeadbeef, 0xdeadbeef, 0xdeadbeef, 0xdeadbeef, 0xdeadbeef, 0xdeadbeef, 0xdeadbeef, 0xdeadbeef, 0xdeadbeef, 0xdeadbeef, 0xdeadbeef, 0xdeadbeef, 0xdeadbeef, 0xdeadbeef, 0xdeadbeef, 0xdeadbeef, 0xdeadbeef, 0xdeadbeef, 0xdeadbeef]


failures:
    segment_reader::tests::full_variable_page_read_rejects_wrong_row_count
    segment_reader::tests::selected_variable_page_read_rejects_wrong_row_count

test result: FAILED. 0 passed; 2 failed; 0 ignored; 0 measured; 214 filtered out; finished in 0.11s

error: test failed, to rerun pass `-p logex-storage --lib`
