   Compiling logex-storage v0.1.0 (/Users/tdenisenko/code/logex/crates/logex-storage)
warning: field `origin` is never read
   --> crates/logex-storage/src/native/storage.rs:171:5
    |
170 | struct PublishedIngestion {
    |        ------------------ field in this struct
171 |     origin: IngestionOrigin,
    |     ^^^^^^
    |
    = note: `#[warn(dead_code)]` (part of `#[warn(unused)]`) on by default

warning: `logex-storage` (lib test) generated 1 warning
    Finished `test` profile [unoptimized + debuginfo] target(s) in 2.88s
warning: the following packages contain code that will be rejected by a future version of Rust: proc-macro-error2 v2.0.1
note: to see what the problems were, use the option `--future-incompat-report`, or run `cargo report future-incompatibilities --id 2`
     Running unittests src/lib.rs (target/debug/build/logex-storage/5d3241994722df1f/out/logex_storage-5d3241994722df1f)

running 1 test
test native::storage::tests::published_ingestion_hardens_before_wal_reorg_and_metadata_mutation ... FAILED

failures:

---- native::storage::tests::published_ingestion_hardens_before_wal_reorg_and_metadata_mutation stdout ----

thread 'native::storage::tests::published_ingestion_hardens_before_wal_reorg_and_metadata_mutation' (22068837) panicked at crates/logex-storage/src/native/storage.rs:2808:13:
assertion `left == right` failed: action 0: [("write_temporary", "/var/folders/ks/qj77p8bs33vczj77b0t887kr0000gn/T/.tmpAuEnj3/wal/recovery.json"), ("sync_temporary", "/var/folders/ks/qj77p8bs33vczj77b0t887kr0000gn/T/.tmpAuEnj3/wal/recovery.json"), ("rename_temporary", "/var/folders/ks/qj77p8bs33vczj77b0t887kr0000gn/T/.tmpAuEnj3/wal/recovery.json"), ("order_directory", "/var/folders/ks/qj77p8bs33vczj77b0t887kr0000gn/T/.tmpAuEnj3/wal"), ("append_wal", "/var/folders/ks/qj77p8bs33vczj77b0t887kr0000gn/T/.tmpAuEnj3/wal/pending.wal"), ("sync_directory", "/var/folders/ks/qj77p8bs33vczj77b0t887kr0000gn/T/.tmpAuEnj3/wal"), ("sync_device", "/var/folders/ks/qj77p8bs33vczj77b0t887kr0000gn/T/.tmpAuEnj3/wal/pending.wal"), ("wal_synced", "/var/folders/ks/qj77p8bs33vczj77b0t887kr0000gn/T/.tmpAuEnj3/wal/pending.wal"), ("order_device", "/var/folders/ks/qj77p8bs33vczj77b0t887kr0000gn/T/.tmpAuEnj3/segments/s_0000000000000000/topic2.null"), ("rename_temporary", "/var/folders/ks/qj77p8bs33vczj77b0t887kr0000gn/T/.tmpAuEnj3/segments/s_0000000000000000/topic2.null"), ("rename_temporary", "/var/folders/ks/qj77p8bs33vczj77b0t887kr0000gn/T/.tmpAuEnj3/segments/s_0000000000000000/data.col"), ("rename_temporary", "/var/folders/ks/qj77p8bs33vczj77b0t887kr0000gn/T/.tmpAuEnj3/segments/s_0000000000000000/canonical.bitmap"), ("rename_temporary", "/var/folders/ks/qj77p8bs33vczj77b0t887kr0000gn/T/.tmpAuEnj3/segments/s_0000000000000000/topic3.null"), ("rename_temporary", "/var/folders/ks/qj77p8bs33vczj77b0t887kr0000gn/T/.tmpAuEnj3/segments/s_0000000000000000/topic0.null"), ("rename_temporary", "/var/folders/ks/qj77p8bs33vczj77b0t887kr0000gn/T/.tmpAuEnj3/segments/s_0000000000000000/topic1.null"), ("sync_file", "/var/folders/ks/qj77p8bs33vczj77b0t887kr0000gn/T/.tmpAuEnj3/segments/s_0000000000000000/topic2.null"), ("sync_file", "/var/folders/ks/qj77p8bs33vczj77b0t887kr0000gn/T/.tmpAuEnj3/segments/s_0000000000000000/topic3.null"), ("sync_file", "/var/folders/ks/qj77p8bs33vczj77b0t887kr0000gn/T/.tmpAuEnj3/segments/s_0000000000000000/data.col"), ("sync_file", "/var/folders/ks/qj77p8bs33vczj77b0t887kr0000gn/T/.tmpAuEnj3/segments/s_0000000000000000/source.col"), ("sync_file", "/var/folders/ks/qj77p8bs33vczj77b0t887kr0000gn/T/.tmpAuEnj3/segments/s_0000000000000000/tx_index.col"), ("sync_file", "/var/folders/ks/qj77p8bs33vczj77b0t887kr0000gn/T/.tmpAuEnj3/segments/s_0000000000000000/block_hash.col"), ("sync_file", "/var/folders/ks/qj77p8bs33vczj77b0t887kr0000gn/T/.tmpAuEnj3/segments/s_0000000000000000/canonical.bitmap"), ("sync_file", "/var/folders/ks/qj77p8bs33vczj77b0t887kr0000gn/T/.tmpAuEnj3/segments/s_0000000000000000/block_number.col"), ("sync_file", "/var/folders/ks/qj77p8bs33vczj77b0t887kr0000gn/T/.tmpAuEnj3/segments/s_0000000000000000/timestamp.col"), ("sync_file", "/var/folders/ks/qj77p8bs33vczj77b0t887kr0000gn/T/.tmpAuEnj3/segments/s_0000000000000000/segment.json"), ("sync_file", "/var/folders/ks/qj77p8bs33vczj77b0t887kr0000gn/T/.tmpAuEnj3/segments/s_0000000000000000/tx_hash.col"), ("sync_file", "/var/folders/ks/qj77p8bs33vczj77b0t887kr0000gn/T/.tmpAuEnj3/segments/s_0000000000000000/topic1.col"), ("sync_file", "/var/folders/ks/qj77p8bs33vczj77b0t887kr0000gn/T/.tmpAuEnj3/segments/s_0000000000000000/address.col"), ("sync_file", "/var/folders/ks/qj77p8bs33vczj77b0t887kr0000gn/T/.tmpAuEnj3/segments/s_0000000000000000/data_len.col"), ("sync_file", "/var/folders/ks/qj77p8bs33vczj77b0t887kr0000gn/T/.tmpAuEnj3/segments/s_0000000000000000/topic0.col"), ("sync_file", "/var/folders/ks/qj77p8bs33vczj77b0t887kr0000gn/T/.tmpAuEnj3/segments/s_0000000000000000/log_index.col"), ("sync_file", "/var/folders/ks/qj77p8bs33vczj77b0t887kr0000gn/T/.tmpAuEnj3/segments/s_0000000000000000/topic0.null"), ("sync_file", "/var/folders/ks/qj77p8bs33vczj77b0t887kr0000gn/T/.tmpAuEnj3/segments/s_0000000000000000/topic2.col"), ("sync_file", "/var/folders/ks/qj77p8bs33vczj77b0t887kr0000gn/T/.tmpAuEnj3/segments/s_0000000000000000/topic3.col"), ("sync_file", "/var/folders/ks/qj77p8bs33vczj77b0t887kr0000gn/T/.tmpAuEnj3/segments/s_0000000000000000/topic1.null"), ("sync_directory", "/var/folders/ks/qj77p8bs33vczj77b0t887kr0000gn/T/.tmpAuEnj3/segments/s_0000000000000000"), ("write_temporary", "/var/folders/ks/qj77p8bs33vczj77b0t887kr0000gn/T/.tmpAuEnj3/segments/s_0000000000000000/segment.json"), ("sync_temporary", "/var/folders/ks/qj77p8bs33vczj77b0t887kr0000gn/T/.tmpAuEnj3/segments/s_0000000000000000/segment.json"), ("order_device", "/var/folders/ks/qj77p8bs33vczj77b0t887kr0000gn/T/.tmpAuEnj3/segments/s_0000000000000000/topic2.null"), ("rename_temporary", "/var/folders/ks/qj77p8bs33vczj77b0t887kr0000gn/T/.tmpAuEnj3/segments/s_0000000000000000/segment.json"), ("sync_directory", "/var/folders/ks/qj77p8bs33vczj77b0t887kr0000gn/T/.tmpAuEnj3/segments/s_0000000000000000"), ("sync_directory", "/var/folders/ks/qj77p8bs33vczj77b0t887kr0000gn/T/.tmpAuEnj3/segments")]
  left: Some(("write_temporary", "/var/folders/ks/qj77p8bs33vczj77b0t887kr0000gn/T/.tmpAuEnj3/wal/recovery.json"))
 right: Some(("sync_directory", "/var/folders/ks/qj77p8bs33vczj77b0t887kr0000gn/T/.tmpAuEnj3"))
note: run with `RUST_BACKTRACE=1` environment variable to display a backtrace


failures:
    native::storage::tests::published_ingestion_hardens_before_wal_reorg_and_metadata_mutation

test result: FAILED. 0 passed; 1 failed; 0 ignored; 0 measured; 177 filtered out; finished in 0.09s

error: test failed, to rerun pass `-p logex-storage --lib`
