   Compiling logex-server v0.1.0 (/Users/tdenisenko/code/logex/crates/logex-server)
warning: linker stderr: ld: __eh_frame section too large (max 16MB) to encode dwarf unwind offsets in compact unwind table, performance of exception handling might be affected
  |
  = note: `#[warn(linker_messages)]` on by default

warning: `logex-server` (lib test) generated 1 warning
    Finished `test` profile [unoptimized + debuginfo] target(s) in 4.10s
warning: the following packages contain code that will be rejected by a future version of Rust: proc-macro-error2 v2.0.1
note: to see what the problems were, use the option `--future-incompat-report`, or run `cargo report future-incompatibilities --id 2`
     Running unittests src/lib.rs (target/debug/build/logex-server/a25691344de63286/out/logex_server-a25691344de63286)

running 1 test
test grpc::tests::pending_grpc_sql_releases_storage_for_ingestion ... FAILED

failures:

---- grpc::tests::pending_grpc_sql_releases_storage_for_ingestion stdout ----

thread 'grpc::tests::pending_grpc_sql_releases_storage_for_ingestion' (56298069) panicked at crates/logex-server/src/grpc.rs:427:14:
an active gRPC SQL query must not retain the ingestion lock: TryLockError(())
note: run with `RUST_BACKTRACE=1` environment variable to display a backtrace


failures:
    grpc::tests::pending_grpc_sql_releases_storage_for_ingestion

test result: FAILED. 0 passed; 1 failed; 0 ignored; 0 measured; 80 filtered out; finished in 0.21s

error: test failed, to rerun pass `-p logex-server --lib`
